LaravelGenerators\PostmanGenerator\DataObjects\BodySchema {#1566
  +mode: "none"
  +json: null
  +formFields: null
  +isEmpty: true
} // /home/speedo/projects/erp/laravelgenerators/postman-generator/tests/Unit/Services/BodyExampleGeneratorTest.php:137

   FAIL  Tests\Unit\Services\BodyExampleGeneratorTest
  Γ¿» it generates flat body examples correctly 0.07s  
  Γ¿» it generates nested body examples correctly
  Γ¿» it generates wildcard body examples correctly
  Γ¿» it switches to formdata mode for files 0.01s  
  Γ£ô it returns empty schema when rules() throws exception 0.01s  
  Γ£ô it returns none mode for GET requests
  str_repeat(): Argument #2 ($times) must be greater than or equal to 0

  at vendor/nunomaduro/termwind/src/ValueObjects/Styles.php:386
    382Γûò             $length = $this->getLength($text);
    383Γûò             if ($length < 1) {
    384Γûò                 $margins = (int) ($styles['ml'] ?? 0) + ($styles['mr'] ?? 0);
    385Γûò 
  Γ₧£ 386Γûò                 return str_repeat('ΓöÇ', self::getParentWidth($this->properties['parentStyles'] ?? []) - $margins);
    387Γûò             }
    388Γûò 
    389Γûò             return str_repeat('ΓöÇ', $length);
    390Γûò         };


